// Jest Snapshot v1, https://goo.gl/fbAQLP

exports[`renders correctly with no clientInstances 1`] = `
<react-mdl-DataTable
  rows={Array []}
  selectable={false}
  style={
    Object {
      "width": "100%",
    }
  }
>
  <react-mdl-TableHeader
    name="instanceId"
  >
    Instance ID
  </react-mdl-TableHeader>
  <react-mdl-TableHeader
    name="appName"
  >
    Application name
  </react-mdl-TableHeader>
  <react-mdl-TableHeader
    name="clientIp"
  >
    IP
  </react-mdl-TableHeader>
  <react-mdl-TableHeader
    name="createdAt"
  >
    Created
  </react-mdl-TableHeader>
  <react-mdl-TableHeader
    name="lastSeen"
  >
    Last Seen
  </react-mdl-TableHeader>
</react-mdl-DataTable>
`;
