// Jest Snapshot v1, https://goo.gl/fbAQLP

exports[`render the create feature page 1`] = `
<react-mdl-Card
  className="fullwidth"
  shadow={0}
  style={
    Object {
      "overflow": "visible",
    }
  }
>
  <react-mdl-CardTitle
    style={
      Object {
        "paddingTop": "24px",
        "wordBreak": "break-all",
      }
    }
  >
    Create new feature toggle
  </react-mdl-CardTitle>
  <form
    onSubmit={[MockFunction]}
  >
    <section
      style={
        Object {
          "padding": "16px",
        }
      }
    >
      <react-mdl-Textfield
        floatingLabel={true}
        label="Name"
        name="name"
        onBlur={[Function]}
        onChange={[Function]}
        value="feature"
      />
      <react-mdl-Textfield
        floatingLabel={true}
        label="Description"
        onChange={[Function]}
        rows={1}
        style={
          Object {
            "width": "100%",
          }
        }
        value="Description"
      />
      <div>
        <br />
        <react-mdl-Switch
          checked={false}
          onChange={[Function]}
        >
          Enabled
        </react-mdl-Switch>
        <br />
        <br />
      </div>
      <StrategiesSection
        addStrategy={[MockFunction]}
        configuredStrategies={Array []}
        featureToggleName="feature"
        moveStrategy={[MockFunction]}
        removeStrategy={[MockFunction]}
        updateStrategy={[MockFunction]}
      />
      <br />
    </section>
    <react-mdl-CardActions>
      <FormButtons
        onCancel={[MockFunction]}
        submitText="Create"
      />
    </react-mdl-CardActions>
  </form>
</react-mdl-Card>
`;
