// Jest Snapshot v1, https://goo.gl/fbAQLP

exports[`render the create feature page 1`] = `
<form>
  <section
    style={
      Object {
        "padding": "16px",
      }
    }
  >
    <StrategiesSection
      addStrategy={[MockFunction]}
      configuredStrategies={Array []}
      featureToggleName="feature"
      moveStrategy={[MockFunction]}
      removeStrategy={[MockFunction]}
      updateStrategy={[MockFunction]}
    />
    <br />
    <FormButtons
      onCancel={[MockFunction]}
      submitText="Update"
    />
  </section>
</form>
`;
