// Jest Snapshot v1, https://goo.gl/fbAQLP

exports[`renders correctly with empty version 1`] = `
<body>
  <div>
    <section
      title="API details"
    >
      <h1
        class="makeStyles-title-1"
      >
        Unleash 
         
        <small>
          (
          test
          )
        </small>
      </h1>
      <br />
      <small>
        We are the best!
      </small>
      <br />
    </section>
  </div>
</body>
`;

exports[`renders correctly with ui-config 1`] = `
<body>
  <div>
    <section
      title="API details"
    >
      <h1
        class="makeStyles-title-2"
      >
        Unleash 1.1.0
         
        <small>
          (
          test
          )
        </small>
      </h1>
      <br />
      <small>
        We are the best!
      </small>
      <br />
    </section>
  </div>
</body>
`;

exports[`renders correctly with versionInfo 1`] = `
<body>
  <div>
    <section
      title="API details"
    >
      <h1
        class="makeStyles-title-4"
      >
        Unleash 1.2.3
         
      </h1>
      <small>
        Upgrade available - Latest Enterprise release: 1.2.4
        <br />
      </small>
      <br />
      <small />
      <br />
      <small>
        1
      </small>
    </section>
  </div>
</body>
`;

exports[`renders correctly without uiConfig 1`] = `
<body>
  <div>
    <section
      title="API details"
    >
      <h1
        class="makeStyles-title-3"
      >
        Unleash 1.1.0
         
      </h1>
      <br />
      <small />
      <br />
    </section>
  </div>
</body>
`;
