// Jest Snapshot v1, https://goo.gl/fbAQLP

exports[`renders correctly if no application 1`] = `
<div>
  <p>
    Loading...
  </p>
  <span
    className="MuiLinearProgress-root MuiLinearProgress-colorPrimary MuiLinearProgress-indeterminate mui-130qhmc-MuiLinearProgress-root"
    role="progressbar"
  >
    <span
      className="MuiLinearProgress-bar MuiLinearProgress-barColorPrimary MuiLinearProgress-bar1Indeterminate mui-yt7v2r-MuiLinearProgress-bar1"
      style={Object {}}
    />
    <span
      className="MuiLinearProgress-bar MuiLinearProgress-barColorPrimary MuiLinearProgress-bar2Indeterminate mui-1wjhhwq-MuiLinearProgress-bar2"
      style={Object {}}
    />
  </span>
</div>
`;

exports[`renders correctly with permissions 1`] = `
<div>
  <p>
    Loading...
  </p>
  <span
    className="MuiLinearProgress-root MuiLinearProgress-colorPrimary MuiLinearProgress-indeterminate mui-130qhmc-MuiLinearProgress-root"
    role="progressbar"
  >
    <span
      className="MuiLinearProgress-bar MuiLinearProgress-barColorPrimary MuiLinearProgress-bar1Indeterminate mui-yt7v2r-MuiLinearProgress-bar1"
      style={Object {}}
    />
    <span
      className="MuiLinearProgress-bar MuiLinearProgress-barColorPrimary MuiLinearProgress-bar2Indeterminate mui-1wjhhwq-MuiLinearProgress-bar2"
      style={Object {}}
    />
  </span>
</div>
`;

exports[`renders correctly without permission 1`] = `
<div>
  <p>
    Loading...
  </p>
  <span
    className="MuiLinearProgress-root MuiLinearProgress-colorPrimary MuiLinearProgress-indeterminate mui-130qhmc-MuiLinearProgress-root"
    role="progressbar"
  >
    <span
      className="MuiLinearProgress-bar MuiLinearProgress-barColorPrimary MuiLinearProgress-bar1Indeterminate mui-yt7v2r-MuiLinearProgress-bar1"
      style={Object {}}
    />
    <span
      className="MuiLinearProgress-bar MuiLinearProgress-barColorPrimary MuiLinearProgress-bar2Indeterminate mui-1wjhhwq-MuiLinearProgress-bar2"
      style={Object {}}
    />
  </span>
</div>
`;
