// Jest Snapshot v1, https://goo.gl/fbAQLP

exports[`render the create feature page 1`] = `""`;
