// Jest Snapshot v1, https://goo.gl/fbAQLP

exports[`renders correctly with one feature 1`] = `
<react-mdl-Card
  className="fullwidth"
  shadow={0}
  style={
    Object {
      "overflow": "visible",
    }
  }
>
  <react-mdl-CardTitle
    style={
      Object {
        "paddingBottom": 0,
        "wordBreak": "break-all",
      }
    }
  >
    Another
  </react-mdl-CardTitle>
  <react-mdl-CardText>
    another's description
    Â 
    <a
      href="#edit"
      onClick={[Function]}
    >
      edit
    </a>
  </react-mdl-CardText>
  <react-mdl-CardActions
    border={true}
    style={
      Object {
        "alignItems": "center",
        "display": "flex",
        "justifyContent": "space-between",
      }
    }
  >
    <span
      style={
        Object {
          "paddingRight": "24px",
        }
      }
    >
      <react-mdl-Switch
        checked={false}
        disabled={false}
        onChange={[Function]}
        ripple={true}
      >
        Disabled
      </react-mdl-Switch>
    </span>
    <react-mdl-Button
      disabled={false}
      onClick={[Function]}
      style={
        Object {
          "flexShrink": 0,
        }
      }
    >
      Archive
    </react-mdl-Button>
  </react-mdl-CardActions>
  <hr />
  <react-mdl-Tabs
    activeTab={0}
    className="mdl-color--grey-100"
    ripple={true}
    tabBarProps={
      Object {
        "style": Object {
          "width": "100%",
        },
      }
    }
  >
    <react-mdl-Tab
      onClick={[Function]}
    >
      Strategies
    </react-mdl-Tab>
    <react-mdl-Tab
      onClick={[Function]}
    >
      Metrics
    </react-mdl-Tab>
    <react-mdl-Tab
      onClick={[Function]}
    >
      Variants
    </react-mdl-Tab>
    <react-mdl-Tab
      onClick={[Function]}
    >
      History
    </react-mdl-Tab>
  </react-mdl-Tabs>
  <UpdateFeatureToggleComponent
    featureToggle={
      Object {
        "createdAt": "2018-02-04T20:27:52.127Z",
        "description": "another's description",
        "enabled": false,
        "name": "Another",
        "strategies": Array [
          Object {
            "name": "gradualRolloutRandom",
            "parameters": Object {
              "percentage": 50,
            },
          },
        ],
      }
    }
    features={
      Array [
        Object {
          "createdAt": "2018-02-04T20:27:52.127Z",
          "description": "another's description",
          "enabled": false,
          "name": "Another",
          "strategies": Array [
            Object {
              "name": "gradualRolloutRandom",
              "parameters": Object {
                "percentage": 50,
              },
            },
          ],
        },
      ]
    }
    history={Object {}}
  />
</react-mdl-Card>
`;
