// Vitest Snapshot v1

exports[`renders an empty list correctly 1`] = `
[
  <div>
    <div
      className="MuiPaper-root MuiPaper-elevation MuiPaper-rounded MuiPaper-elevation1 tss-15wj2kz-container mui-177gdp-MuiPaper-root"
    >
      <div
        className="tss-1ywhhai-headerContainer"
      >
        <div
          className="tss-1ylehva-headerContainer"
        >
          <div
            className="tss-1uxyh7x-topContainer"
          >
            <div
              className="tss-sd6bs4-header"
              data-loading={true}
            >
              <h1
                className="MuiTypography-root MuiTypography-h1 tss-7lbvh4-headerTitle mui-ylrecv-MuiTypography-root"
              >
                Tag Types
              </h1>
            </div>
            <div
              className="tss-u5t8ea-headerActions"
            >
              <button
                className="MuiButton-root MuiButton-contained MuiButton-containedPrimary MuiButton-sizeMedium MuiButton-containedSizeMedium MuiButtonBase-root  mui-1aw3qf3-MuiButtonBase-root-MuiButton-root"
                disabled={false}
                onBlur={[Function]}
                onClick={[Function]}
                onContextMenu={[Function]}
                onDragLeave={[Function]}
                onFocus={[Function]}
                onKeyDown={[Function]}
                onKeyUp={[Function]}
                onMouseDown={[Function]}
                onMouseLeave={[Function]}
                onMouseUp={[Function]}
                onTouchEnd={[Function]}
                onTouchMove={[Function]}
                onTouchStart={[Function]}
                tabIndex={0}
                type="button"
              >
                New tag type
              </button>
            </div>
          </div>
        </div>
      </div>
      <div
        className="tss-54jt3w-bodyContainer"
      >
        <ul
          className="MuiList-root MuiList-padding mui-h4y409-MuiList-root"
        >
          <li
            className="MuiListItem-root MuiListItem-gutters MuiListItem-padding mui-vlytkl-MuiListItem-root"
            disabled={false}
          >
            No entries
          </li>
        </ul>
      </div>
    </div>
  </div>,
  <div
    aria-atomic={true}
    aria-live="polite"
    className="tss-i8rqz1-container"
    data-testid="ANNOUNCER_ELEMENT_TEST_ID"
    role="status"
  />,
]
`;
