// Jest Snapshot v1, https://goo.gl/fbAQLP

exports[`should render password auth 1`] = `
<body>
  <div>
    <div
      class="makeStyles-container-30"
    >
      <div
        class="makeStyles-leftContainer-31"
      >
        <div
          class="makeStyles-gradient-35"
          style="height: 100%; width: 100%; position: relative;"
        >
          <div
            class="makeStyles-container-37"
          >
            <h1
              class="MuiTypography-root makeStyles-title-36 MuiTypography-h1"
            >
              Unleash
            </h1>
            <p
              class="MuiTypography-root makeStyles-bannerSubtitle-38 MuiTypography-body1"
            >
              Committed to creating new ways of developing software
            </p>
          </div>
          <div
            class="makeStyles-logoContainer-39"
          >
            <div
              class="makeStyles-logo-40"
            />
          </div>
        </div>
      </div>
      <div
        class="makeStyles-rightContainer-32"
      >
        <div
          class="makeStyles-innerRightContainer-34"
        >
          <div
            class="makeStyles-contentSpacingY-1 makeStyles-flexColumn-9 makeStyles-forgottenPassword-26"
          >
            <h2
              class="MuiTypography-root makeStyles-title-16 makeStyles-textCenter-13 MuiTypography-h2"
              data-loading="true"
            >
              Forgotten password
            </h2>
            <form
              class="makeStyles-contentSpacingY-1 makeStyles-flexColumn-9"
            >
              <p
                class="MuiTypography-root makeStyles-textCenter-13 MuiTypography-body1"
                data-loading="true"
              >
                Please provide your email address. If it exists in the system we'll send a new reset link.
              </p>
              <div
                class="MuiFormControl-root MuiTextField-root"
                data-loading="true"
                data-testid="FORGOTTEN_PASSWORD_FIELD"
              >
                <div
                  class="MuiInputBase-root MuiOutlinedInput-root MuiInputBase-formControl MuiInputBase-marginDense MuiOutlinedInput-marginDense"
                >
                  <input
                    aria-invalid="false"
                    class="MuiInputBase-input MuiOutlinedInput-input MuiInputBase-inputMarginDense MuiOutlinedInput-inputMarginDense"
                    placeholder="email"
                    type="email"
                    value=""
                  />
                  <fieldset
                    aria-hidden="true"
                    class="PrivateNotchedOutline-root-41 MuiOutlinedInput-notchedOutline"
                    style="padding-left: 8px;"
                  >
                    <legend
                      class="PrivateNotchedOutline-legend-42"
                      style="width: 0.01px;"
                    >
                      <span>
                        â€‹
                      </span>
                    </legend>
                  </fieldset>
                </div>
              </div>
              <button
                class="MuiButtonBase-root MuiButton-root MuiButton-contained makeStyles-button-27 MuiButton-containedPrimary"
                data-loading="true"
                tabindex="0"
                type="submit"
              >
                <span
                  class="MuiButton-label"
                >
                  <span>
                    Submit
                  </span>
                </span>
                <span
                  class="MuiTouchRipple-root"
                />
              </button>
              <div
                class="makeStyles-container-45"
              >
                <span
                  class="makeStyles-wing-46"
                />
                <p
                  class="MuiTypography-root makeStyles-text-47 MuiTypography-body2"
                >
                  Or log in
                </p>
                <span
                  class="makeStyles-wing-46"
                />
              </div>
              <a
                aria-disabled="false"
                class="MuiButtonBase-root MuiButton-root MuiButton-outlined makeStyles-button-27"
                data-loading="true"
                href="/login"
                role="button"
                tabindex="0"
              >
                <span
                  class="MuiButton-label"
                >
                  Log in
                </span>
                <span
                  class="MuiTouchRipple-root"
                />
              </a>
            </form>
          </div>
        </div>
      </div>
    </div>
  </div>
</body>
`;
