// Jest Snapshot v1, https://goo.gl/fbAQLP

exports[`FeedbackCESForm 1`] = `
<body>
  <div>
    <div
      class="makeStyles-container-1"
    >
      <h1
        class="makeStyles-title-3"
      >
        Please help us improve
      </h1>
      <form
        aria-live="polite"
        class="makeStyles-form-2"
      >
        <p
          class="makeStyles-subtitle-4"
        >
          a
        </p>
        <div
          class="makeStyles-scoreInput-8"
        >
          <span
            class="makeStyles-scoreHelp-9"
          >
            Very difficult
          </span>
          <label
            class="makeStyles-scoreValue-10"
          >
            <input
              name="score"
              type="radio"
              value="1"
            />
            <span>
              1
            </span>
          </label>
          <label
            class="makeStyles-scoreValue-10"
          >
            <input
              name="score"
              type="radio"
              value="2"
            />
            <span>
              2
            </span>
          </label>
          <label
            class="makeStyles-scoreValue-10"
          >
            <input
              name="score"
              type="radio"
              value="3"
            />
            <span>
              3
            </span>
          </label>
          <label
            class="makeStyles-scoreValue-10"
          >
            <input
              name="score"
              type="radio"
              value="4"
            />
            <span>
              4
            </span>
          </label>
          <label
            class="makeStyles-scoreValue-10"
          >
            <input
              name="score"
              type="radio"
              value="5"
            />
            <span>
              5
            </span>
          </label>
          <label
            class="makeStyles-scoreValue-10"
          >
            <input
              name="score"
              type="radio"
              value="6"
            />
            <span>
              6
            </span>
          </label>
          <label
            class="makeStyles-scoreValue-10"
          >
            <input
              name="score"
              type="radio"
              value="7"
            />
            <span>
              7
            </span>
          </label>
          <span
            class="makeStyles-scoreHelp-9"
          >
            Very easy
          </span>
        </div>
        <div
          hidden=""
        >
          <label
            class="makeStyles-textLabel-5"
            for="comment"
          >
            b
          </label>
          <div
            class="MuiFormControl-root MuiFormControl-fullWidth MuiTextField-root css-wb57ya-MuiFormControl-root-MuiTextField-root"
          >
            <div
              class="MuiOutlinedInput-root MuiInputBase-root MuiInputBase-colorPrimary MuiInputBase-fullWidth MuiInputBase-formControl MuiInputBase-multiline css-opjsp0-MuiInputBase-root-MuiOutlinedInput-root"
            >
              <textarea
                aria-invalid="false"
                class="MuiOutlinedInput-input MuiInputBase-input MuiInputBase-inputMultiline css-1sqnrkk-MuiInputBase-input-MuiOutlinedInput-input"
                id="mui-1"
                rows="3"
                style="height: 0px; overflow: hidden;"
              />
              <textarea
                aria-hidden="true"
                class="MuiOutlinedInput-input MuiInputBase-input MuiInputBase-inputMultiline css-1sqnrkk-MuiInputBase-input-MuiOutlinedInput-input"
                readonly=""
                style="visibility: hidden; position: absolute; overflow: hidden; height: 0px; top: 0px; left: 0px; transform: translateZ(0); padding: 0px; width: 100%;"
                tabindex="-1"
              />
              <fieldset
                aria-hidden="true"
                class="MuiOutlinedInput-notchedOutline css-1d3z3hw-MuiOutlinedInput-notchedOutline"
              >
                <legend
                  class="css-hdw1oc"
                >
                  <span
                    class="notranslate"
                  >
                    â€‹
                  </span>
                </legend>
              </fieldset>
            </div>
          </div>
        </div>
        <div
          class="makeStyles-buttons-6"
          hidden=""
        >
          <button
            class="MuiButton-root MuiButton-contained MuiButton-containedPrimary MuiButton-sizeMedium MuiButton-containedSizeMedium MuiButtonBase-root Mui-disabled makeStyles-button-7 css-2lddgn-MuiButtonBase-root-MuiButton-root"
            disabled=""
            tabindex="-1"
            type="submit"
          >
            Send feedback
          </button>
        </div>
      </form>
    </div>
    <div
      aria-atomic="true"
      aria-live="polite"
      class="makeStyles-container-11"
      data-testid="ANNOUNCER_ELEMENT_TEST_ID"
      role="status"
    />
  </div>
</body>
`;
