// Jest Snapshot v1, https://goo.gl/fbAQLP

exports[`Date component - snapshot matching 1`] = `
Object {
  "midday": "2022-03-15T12:00",
  "midnight": "2022-03-15T00:00",
}
`;
